[19:14:08] [ServerMain/INFO]: Environment: Environment[sessionHost=https://sessionserver.mojang.com, servicesHost=https://api.minecraftservices.com, profilesHost=https://api.mojang.com, name=PROD]
[19:14:09] [ServerMain/INFO]: No existing world data, creating new world
[19:14:10] [ServerMain/INFO]: Loaded 1461 recipes
[19:14:10] [ServerMain/INFO]: Loaded 1574 advancements
[19:14:11] [Server thread/INFO]: Starting minecraft server version 1.21.10
[19:14:11] [Server thread/INFO]: Loading properties
[19:14:11] [Server thread/INFO]: Default game type: SURVIVAL
[19:14:11] [Server thread/INFO]: Generating keypair
[19:14:11] [Server thread/INFO]: Starting Minecraft server on *:25565
[19:14:11] [Server thread/INFO]: Using epoll channel type
[19:14:11] [Server thread/WARN]: **** SERVER IS RUNNING IN OFFLINE/INSECURE MODE!
[19:14:11] [Server thread/WARN]: The server will make no attempt to authenticate usernames. Beware.
[19:14:11] [Server thread/WARN]: While this makes the game possible to play without internet access, it also opens up the ability for hackers to connect with any username they choose.
[19:14:11] [Server thread/WARN]: To change this, set "online-mode" to "true" in the server.properties file.
[19:14:11] [Server thread/INFO]: Preparing level "world"
[19:14:11] [Server thread/INFO]: Selecting global world spawn...
[19:14:17] [Server thread/INFO]: Loading 0 persistent chunks...
[19:14:17] [Server thread/INFO]: Preparing spawn area: 100%
[19:14:17] [Server thread/INFO]: Time elapsed: 5789 ms
[19:14:17] [Server thread/INFO]: Done (6.169s)! For help, type "help"
[19:14:41] [Server thread/INFO]: xXseba_el_proXx[/127.16.205.200:41733] logged in with entity id 1 at (20.5, 89.0, 2.5)
[19:14:42] [Server thread/INFO]: xXseba_el_proXx joined the game
[19:14:53] [Server thread/WARN]: Can't keep up! Is the server overloaded? Running 2021ms or 40 ticks behind
[19:15:14] [Server thread/INFO]: xXseba_el_proXx lost connection: Disconnected
[19:15:14] [Server thread/INFO]: xXseba_el_proXx left the game
[19:16:10] [Server thread/INFO]: ElRadixx[/127.234.59.240:35487] logged in with entity id 647 at (23.5, 88.0, 0.5)
[19:16:10] [Server thread/INFO]: ElRadixx joined the game
[19:16:19] [Server thread/INFO]: xXseba_el_proXx[/127.16.205.200:35059] logged in with entity id 758 at (21.755824261317166, 89.0, 3.268363099649359)
[19:16:19] [Server thread/INFO]: xXseba_el_proXx joined the game
[19:17:48] [Server thread/INFO]: ElRadixx has made the advancement [Stone Age]
[19:18:08] [Server thread/INFO]: AlesiSinLaburo[/127.234.59.240:45187] logged in with entity id 1077 at (11.5, 79.0, -9.5)
[19:18:08] [Server thread/INFO]: AlesiSinLaburo joined the game
[19:18:09] [Server thread/INFO]: ElRadixx has made the advancement [Getting an Upgrade]
[19:18:45] [Server thread/INFO]: Made xXseba_el_proXx a server operator
[19:19:06] [Server thread/WARN]: Mismatch in destroy block pos: ja{x=37, y=86, z=-18} ja{x=30, y=87, z=-11}
[19:19:06] [Server thread/WARN]: Mismatch in destroy block pos: ja{x=37, y=86, z=-18} ja{x=30, y=87, z=-12}
[19:19:12] [Server thread/WARN]: Mismatch in destroy block pos: ja{x=37, y=87, z=-17} ja{x=32, y=87, z=-16}
[19:19:12] [Server thread/WARN]: Mismatch in destroy block pos: ja{x=37, y=87, z=-17} ja{x=32, y=87, z=-16}
[19:19:25] [Server thread/INFO]: xXseba_el_proXx was doomed to fall by AlesiSinLaburo
[19:20:37] [Server thread/INFO]: [xXseba_el_proXx: Made AlesiSinLaburo a server operator]
[19:20:41] [Server thread/INFO]: [xXseba_el_proXx: Made ElRadixx a server operator]
[19:20:45] [Server thread/INFO]: xXseba_el_proXx has made the advancement [Stone Age]
[19:21:18] [Server thread/INFO]: xXseba_el_proXx has made the advancement [Getting an Upgrade]
[19:23:15] [Server thread/INFO]: AlesiSinLaburo has made the advancement [Stone Age]
[19:23:36] [Server thread/INFO]: AlesiSinLaburo has made the advancement [Getting an Upgrade]
[19:23:44] [Server thread/INFO]: ElRadixx has made the advancement [Sneak 100]
[19:26:11] [Server thread/INFO]: ElRadixx has made the advancement [Acquire Hardware]
[19:26:23] [Server thread/INFO]: ElRadixx has made the advancement [Isn't It Iron Pick]
[19:26:42] [Server thread/INFO]: xXseba_el_proXx has made the advancement [Monster Hunter]
[19:26:52] [Server thread/INFO]: ElRadixx has made the advancement [Diamonds!]
[19:27:16] [Server thread/INFO]: [xXseba_el_proXx: The difficulty has been set to Hard]
[19:27:44] [Server thread/INFO]: AlesiSinLaburo was blown up by Creeper
[19:28:16] [Server thread/INFO]: [ElRadixx: Teleported ElRadixx to AlesiSinLaburo]
[19:29:53] [Server thread/WARN]: AlesiSinLaburo moved too quickly! 1.4327302773224346,1.1661092609382138,9.90938878407814
[19:31:23] [Server thread/INFO]: AlesiSinLaburo has made the advancement [Monster Hunter]
[19:33:26] [Server thread/INFO]: Villager cyx['Villager'/8850, l='ServerLevel[world]', x=406.30, y=68.00, z=-555.32] died, message: 'Villager was slain by Zombie'
[19:33:51] [Server thread/INFO]: ElRadixx has made the advancement [Sweet Dreams]
[19:34:03] [Server thread/INFO]: ElRadixx has made the advancement [Monster Hunter]
[19:34:04] [Server thread/INFO]: AlesiSinLaburo has made the advancement [Acquire Hardware]
[19:34:17] [Server thread/INFO]: xXseba_el_proXx was blown up by Creeper
[19:34:51] [Server thread/INFO]: AlesiSinLaburo has made the advancement [Isn't It Iron Pick]
[19:35:21] [Server thread/INFO]: xXseba_el_proXx lost connection: Timed out
[19:35:21] [Server thread/INFO]: xXseba_el_proXx left the game
[19:35:21] [Server thread/WARN]: handleDisconnection() called twice
[19:35:57] [Server thread/INFO]: xXseba_el_proXx[/127.234.59.240:60181] logged in with entity id 11409 at (13.538451705564418, 84.0, 3.431606715425277)
[19:35:57] [Server thread/INFO]: xXseba_el_proXx joined the game
[19:44:24] [Server thread/INFO]: xXseba_el_proXx has made the advancement [Acquire Hardware]
[19:44:59] [Server thread/INFO]: ElRadixx has made the advancement [Suit Up]
[19:45:21] [Worker-Main-3/ERROR]: Failed to fetch mob spawner entity at (1262, -29, 55)
[19:46:00] [Server thread/INFO]: xXseba_el_proXx has made the advancement [Sweet Dreams]
[19:46:08] [Server thread/INFO]: [ElRadixx: Teleported ElRadixx to AlesiSinLaburo]
[19:46:24] [Server thread/INFO]: AlesiSinLaburo has made the advancement [Sweet Dreams]
[19:46:55] [Server thread/INFO]: [Not Secure] <ElRadixx> uwu
[19:56:52] [Server thread/WARN]: Mismatch in destroy block pos: ja{x=931, y=64, z=537} ja{x=930, y=62, z=539}
[19:56:57] [Server thread/WARN]: Mismatch in destroy block pos: ja{x=919, y=64, z=554} ja{x=917, y=62, z=554}
[19:56:57] [Server thread/WARN]: Mismatch in destroy block pos: ja{x=919, y=64, z=554} ja{x=917, y=62, z=554}
[19:58:56] [Server thread/INFO]: ElRadixx has made the advancement [Cover Me with Diamonds]
[19:59:48] [Server thread/INFO]: ElRadixx has made the advancement [Not Today, Thank You]
[20:01:29] [Server thread/INFO]: AlesiSinLaburo has made the advancement [Diamonds!]
[20:04:39] [Server thread/INFO]: xXseba_el_proXx has made the advancement [Isn't It Iron Pick]
[20:06:21] [Server thread/INFO]: AlesiSinLaburo has made the advancement [Not Today, Thank You]
[20:08:04] [Server thread/INFO]: AlesiSinLaburo was shot by Skeleton
[20:08:33] [Server thread/INFO]: [AlesiSinLaburo: Teleported AlesiSinLaburo to ElRadixx]
[20:09:09] [Server thread/INFO]: AlesiSinLaburo was slain by ElRadixx
[20:09:22] [Server thread/INFO]: [AlesiSinLaburo: Teleported AlesiSinLaburo to xXseba_el_proXx]
[20:09:48] [Server thread/INFO]: xXseba_el_proXx has made the advancement [Not Today, Thank You]
[20:11:07] [Server thread/INFO]: xXseba_el_proXx was shot by Skeleton
[20:13:03] [Server thread/INFO]: xXseba_el_proXx was slain by Zombie
[20:13:19] [Server thread/INFO]: xXseba_el_proXx was impaled on a stalagmite while fighting Skeleton
[20:14:58] [Server thread/INFO]: AlesiSinLaburo was shot by Skeleton
[20:15:03] [Server thread/INFO]: ElRadixx has made the advancement [Ice Bucket Challenge]
[20:15:12] [Server thread/INFO]: AlesiSinLaburo was shot by Skeleton
[20:15:26] [Server thread/INFO]: AlesiSinLaburo was shot by Skeleton
[20:15:38] [Server thread/INFO]: AlesiSinLaburo was shot by Skeleton
[20:17:45] [Server thread/INFO]: [AlesiSinLaburo: Teleported AlesiSinLaburo to xXseba_el_proXx]
[20:20:09] [Server thread/INFO]: [ElRadixx: Teleported ElRadixx to AlesiSinLaburo]
[20:20:51] [Server thread/INFO]: xXseba_el_proXx has made the advancement [Diamonds!]
[20:22:25] [Server thread/WARN]: ElRadixx moved too quickly! 10.006160395968664,-0.023088109101550458,-2.289946893603883
[20:22:54] [Server thread/WARN]: ElRadixx moved too quickly! 9.579147056027523,-3.1158406381575787,-1.2410231569080281
[20:23:13] [Server thread/WARN]: ElRadixx moved too quickly! 6.730983465494091,-1.0230881091015505,7.391510330636777
[20:23:42] [Server thread/INFO]: AlesiSinLaburo was slain by Zombie
[20:24:05] [Server thread/INFO]: [AlesiSinLaburo: Teleported AlesiSinLaburo to xXseba_el_proXx]
[20:24:16] [Server thread/WARN]: Mismatch in destroy block pos: ja{x=1435, y=64, z=272} ja{x=1436, y=65, z=272}
[20:24:23] [Server thread/INFO]: [AlesiSinLaburo: Teleported AlesiSinLaburo to ElRadixx]
[20:24:56] [Server thread/WARN]: AlesiSinLaburo moved too quickly! -9.723669544237055,0.24918707874468282,-3.435589101380856
[20:25:17] [Server thread/INFO]: xXseba_el_proXx has made the advancement [Suit Up]
[20:27:10] [Server thread/INFO]: AlesiSinLaburo was shot by Skeleton
[20:27:18] [Server thread/INFO]: [AlesiSinLaburo: Teleported AlesiSinLaburo to ElRadixx]
[20:27:49] [Server thread/INFO]: AlesiSinLaburo was shot by Skeleton
[20:28:01] [Server thread/INFO]: AlesiSinLaburo was shot by Skeleton
[20:28:13] [Server thread/INFO]: AlesiSinLaburo was shot by Skeleton
[20:33:51] [Server thread/INFO]: [AlesiSinLaburo: Teleported AlesiSinLaburo to ElRadixx]
[20:34:19] [Server thread/INFO]: AlesiSinLaburo has made the advancement [Suit Up]
[20:34:45] [Server thread/INFO]: xXseba_el_proXx was shot by Skeleton
[20:34:52] [Server thread/INFO]: xXseba_el_proXx was slain by Zombie
[20:35:00] [Server thread/INFO]: xXseba_el_proXx was slain by Zombie
[20:35:06] [Server thread/INFO]: xXseba_el_proXx was shot by Skeleton
[20:35:13] [Server thread/INFO]: xXseba_el_proXx was shot by Skeleton
[20:35:24] [Server thread/INFO]: xXseba_el_proXx was shot by Skeleton
[20:35:39] [Server thread/WARN]: Mismatch in destroy block pos: ja{x=1341, y=74, z=291} ja{x=1341, y=72, z=289}
[20:35:39] [Server thread/WARN]: Mismatch in destroy block pos: ja{x=1341, y=74, z=291} ja{x=1341, y=72, z=289}
[20:35:39] [Server thread/WARN]: Mismatch in destroy block pos: ja{x=1341, y=74, z=291} ja{x=1341, y=72, z=289}
[20:35:43] [Server thread/WARN]: Mismatch in destroy block pos: ja{x=1334, y=72, z=290} ja{x=1334, y=72, z=289}
[20:42:53] [Server thread/INFO]: [AlesiSinLaburo: Teleported AlesiSinLaburo to xXseba_el_proXx]
[20:47:08] [Server thread/INFO]: Villager cyx['Villager'/40865, l='ServerLevel[world]', x=1562.25, y=88.18, z=276.27] died, message: 'Villager was slain by Zombie'
[20:52:33] [Server thread/INFO]: xXseba_el_proXx has made the advancement [Cover Me with Diamonds]
[20:56:40] [Server thread/INFO]: xXseba_el_proXx has made the advancement [Take Aim]
[20:57:52] [Server thread/INFO]: [AlesiSinLaburo: Teleported AlesiSinLaburo to xXseba_el_proXx]
[20:57:55] [Server thread/INFO]: [AlesiSinLaburo: Teleported AlesiSinLaburo to ElRadixx]
[20:59:06] [Server thread/INFO]: AlesiSinLaburo has made the advancement [Cover Me with Diamonds]
[21:00:01] [Server thread/WARN]: AlesiSinLaburo moved too quickly! 10.141062774051989,1.003016261509046,0.7700310383518172
[21:02:38] [Server thread/INFO]: AlesiSinLaburo lost connection: Disconnected
[21:02:38] [Server thread/INFO]: AlesiSinLaburo left the game
[21:03:29] [Server thread/WARN]: ElRadixx moved too quickly! -1.8733630230719882,-3.318441601941686,-9.337015112638511
[21:05:15] [Server thread/INFO]: AlesiSinLaburo[/127.234.59.240:41679] logged in with entity id 55625 at (1339.7130736984261, 73.0, 289.77008464363524)
[21:05:15] [Server thread/INFO]: AlesiSinLaburo joined the game
[21:05:36] [Server thread/INFO]: xXseba_el_proXx has made the advancement [Minecraft: Trial(s) Edition]
[21:07:50] [Server thread/INFO]: [xXseba_el_proXx: Teleported xXseba_el_proXx to AlesiSinLaburo]
[21:10:48] [Server thread/INFO]: ElRadixx has made the advancement [We Need to Go Deeper]
[21:10:50] [Server thread/WARN]: Can't keep up! Is the server overloaded? Running 3042ms or 60 ticks behind
[21:10:56] [Server thread/INFO]: [ElRadixx: Teleported ElRadixx to AlesiSinLaburo]
[21:11:03] [Server thread/INFO]: [ElRadixx: Teleported ElRadixx to AlesiSinLaburo]
[21:14:42] [Server thread/INFO]: ElRadixx has made the advancement [Enchanter]
[21:18:41] [Server thread/INFO]: [AlesiSinLaburo: Teleported AlesiSinLaburo to ElRadixx]
[21:21:48] [Server thread/INFO]: AlesiSinLaburo was shot by Skeleton
[21:21:53] [Server thread/INFO]: [AlesiSinLaburo: Teleported AlesiSinLaburo to xXseba_el_proXx]
[21:25:55] [Server thread/INFO]: [AlesiSinLaburo: Teleported AlesiSinLaburo to ElRadixx]
[21:26:30] [Server thread/INFO]: ElRadixx has made the advancement [Minecraft: Trial(s) Edition]
[21:26:33] [Server thread/INFO]: AlesiSinLaburo has made the advancement [Minecraft: Trial(s) Edition]
[21:27:51] [Server thread/INFO]: AlesiSinLaburo has made the advancement [Under Lock and Key]
[21:35:01] [Server thread/INFO]: [AlesiSinLaburo: Teleported AlesiSinLaburo to xXseba_el_proXx]
[21:36:28] [Server thread/INFO]: [ElRadixx: Teleported ElRadixx to AlesiSinLaburo]
[21:36:57] [Server thread/INFO]: [ElRadixx: Teleported ElRadixx to AlesiSinLaburo]
[21:38:48] [Server thread/INFO]: xXseba_el_proXx has made the advancement [Under Lock and Key]
[21:39:16] [Server thread/INFO]: [AlesiSinLaburo: Teleported AlesiSinLaburo to xXseba_el_proXx]
[21:39:50] [Server thread/INFO]: ElRadixx has made the advancement [Under Lock and Key]
[21:42:51] [Server thread/INFO]: AlesiSinLaburo has made the advancement [Take Aim]
[21:42:53] [Server thread/INFO]: ElRadixx has made the advancement [Ol' Betsy]
[21:43:13] [Server thread/WARN]: xXseba_el_proXx moved too quickly! 3.954645824756426,0.0,-9.244467272636072
[21:43:13] [Server thread/INFO]: AlesiSinLaburo has made the advancement [Wax Off]
[21:43:28] [Server thread/WARN]: ElRadixx moved too quickly! -5.207155689630554,-0.5,8.587906075988599
[21:44:39] [Server thread/INFO]: [ElRadixx: Teleported ElRadixx to AlesiSinLaburo]
[21:45:13] [Server thread/INFO]: ElRadixx has made the advancement [Take Aim]
[21:46:41] [Server thread/INFO]: [AlesiSinLaburo: Teleported AlesiSinLaburo to xXseba_el_proXx]
[21:49:12] [Server thread/INFO]: [xXseba_el_proXx: Teleported xXseba_el_proXx to ElRadixx]
[21:49:15] [Server thread/INFO]: [AlesiSinLaburo: Teleported AlesiSinLaburo to xXseba_el_proXx]
[21:49:34] [Server thread/INFO]: [ElRadixx: Teleported ElRadixx to AlesiSinLaburo]
[21:49:38] [Server thread/INFO]: xXseba_el_proXx hit the ground too hard while trying to escape Spider
[21:49:44] [Server thread/INFO]: [xXseba_el_proXx: Teleported xXseba_el_proXx to ElRadixx]
[21:50:42] [Server thread/INFO]: xXseba_el_proXx was slain by Spider
[21:50:46] [Server thread/INFO]: [xXseba_el_proXx: Teleported xXseba_el_proXx to ElRadixx]
[21:51:01] [Server thread/INFO]: [xXseba_el_proXx: Teleported xXseba_el_proXx to ElRadixx]
[21:51:12] [Server thread/INFO]: xXseba_el_proXx was shot by Stray
[21:51:14] [Server thread/INFO]: [xXseba_el_proXx: Teleported xXseba_el_proXx to ElRadixx]
[21:51:31] [Server thread/INFO]: xXseba_el_proXx was shot by Stray
[21:51:34] [Server thread/INFO]: [xXseba_el_proXx: Teleported xXseba_el_proXx to ElRadixx]
[21:52:27] [Server thread/INFO]: xXseba_el_proXx was shot by Stray
[21:52:30] [Server thread/INFO]: [xXseba_el_proXx: Teleported xXseba_el_proXx to ElRadixx]
[21:54:45] [Server thread/INFO]: [xXseba_el_proXx: Teleported xXseba_el_proXx to ElRadixx]
[21:55:07] [Server thread/INFO]: ElRadixx has reached the goal [Revaulting]
[21:56:26] [Server thread/WARN]: AlesiSinLaburo moved too quickly! -3.9200984615974903,1.0140280000596045,9.184839668855531
[21:59:05] [Server thread/INFO]: [xXseba_el_proXx: Teleported xXseba_el_proXx to AlesiSinLaburo]
[21:59:09] [Server thread/INFO]: [ElRadixx: Teleported ElRadixx to AlesiSinLaburo]
[22:01:48] [Server thread/INFO]: [xXseba_el_proXx: Teleported xXseba_el_proXx to AlesiSinLaburo]
[22:04:44] [Server thread/INFO]: [ElRadixx: Teleported ElRadixx to AlesiSinLaburo]
[22:05:49] [Server thread/INFO]: [ElRadixx: Teleported ElRadixx to AlesiSinLaburo]
[22:06:21] [Server thread/INFO]: [xXseba_el_proXx: Teleported xXseba_el_proXx to AlesiSinLaburo]
[22:07:47] [Server thread/INFO]: [AlesiSinLaburo: Teleported AlesiSinLaburo to xXseba_el_proXx]
[22:10:27] [Server thread/INFO]: xXseba_el_proXx has reached the goal [Revaulting]
[22:11:52] [Server thread/INFO]: [ElRadixx: Teleported ElRadixx to xXseba_el_proXx]
[22:12:03] [Server thread/INFO]: [ElRadixx: Teleported ElRadixx to xXseba_el_proXx]
[22:12:41] [Server thread/INFO]: [AlesiSinLaburo: Teleported AlesiSinLaburo to xXseba_el_proXx]
[22:14:00] [Server thread/INFO]: [ElRadixx: Teleported ElRadixx to xXseba_el_proXx]
[22:14:06] [Server thread/INFO]: AlesiSinLaburo has reached the goal [Revaulting]
[22:16:25] [Server thread/INFO]: [ElRadixx: Teleported ElRadixx to AlesiSinLaburo]
[22:18:09] [Server thread/INFO]: AlesiSinLaburo lost connection: Disconnected
[22:18:09] [Server thread/INFO]: AlesiSinLaburo left the game
[22:19:21] [Server thread/INFO]: AlesiSinLaburo[/127.234.59.240:39795] logged in with entity id 75829 at (1271.6534657209265, 65.0, 89.8759324395145)
[22:19:21] [Server thread/INFO]: AlesiSinLaburo joined the game
[22:23:27] [Server thread/INFO]: [ElRadixx: Teleported ElRadixx to xXseba_el_proXx]
[22:25:07] [Server thread/WARN]: xXseba_el_proXx moved too quickly! 1.2535300310025832,-10.728126108483133,-0.21430309196348674
[22:25:23] [Server thread/INFO]: [ElRadixx: Teleported ElRadixx to xXseba_el_proXx]
[22:25:43] [Server thread/INFO]: [ElRadixx: Teleported ElRadixx to AlesiSinLaburo]
[22:31:38] [Server thread/INFO]: ElRadixx has made the advancement [Best Friends Forever]
[22:32:48] [Server thread/INFO]: AlesiSinLaburo has made the advancement [Voluntary Exile]
[22:35:17] [Server thread/INFO]: AlesiSinLaburo has made the advancement [A Seedy Place]
[22:37:30] [Server thread/INFO]: [ElRadixx: Teleported ElRadixx to AlesiSinLaburo]
[22:43:40] [Server thread/INFO]: [xXseba_el_proXx: Teleported xXseba_el_proXx to AlesiSinLaburo]
[22:57:16] [Server thread/INFO]: AlesiSinLaburo has made the advancement [The Parrots and the Bats]
[22:58:15] [Server thread/INFO]: [AlesiSinLaburo: Teleported AlesiSinLaburo to xXseba_el_proXx]
[23:02:26] [Server thread/INFO]: [Not Secure] <ElRadixx> uwu
[23:03:07] [Server thread/INFO]: [ElRadixx: Teleported ElRadixx to AlesiSinLaburo]
[23:08:18] [Server thread/WARN]: Mismatch in destroy block pos: ja{x=1528, y=77, z=259} ja{x=1527, y=77, z=259}
[23:13:18] [Server thread/INFO]: xXseba_el_proXx has made the advancement [Ol' Betsy]
[23:17:17] [Server thread/INFO]: [ElRadixx: Teleported ElRadixx to AlesiSinLaburo]
[23:21:05] [Server thread/INFO]: xXseba_el_proXx was blown up by Creeper
[23:32:05] [Server thread/INFO]: [ElRadixx: Teleported ElRadixx to AlesiSinLaburo]
[23:32:27] [Server thread/INFO]: [ElRadixx: Teleported ElRadixx to AlesiSinLaburo]
[23:41:25] [Server thread/INFO]: xXseba_el_proXx has made the advancement [Ice Bucket Challenge]
[23:42:44] [Server thread/INFO]: [xXseba_el_proXx: Teleported xXseba_el_proXx to AlesiSinLaburo]
[23:46:55] [Server thread/INFO]: xXseba_el_proXx was slain by AlesiSinLaburo
[23:48:00] [Server thread/WARN]: xXseba_el_proXx was kicked for floating too long!
[23:48:00] [Server thread/INFO]: xXseba_el_proXx lost connection: Flying is not enabled on this server
[23:48:00] [Server thread/INFO]: xXseba_el_proXx left the game
[23:48:01] [Server thread/WARN]: Mismatch in destroy block pos: ja{x=1354, y=74, z=296} ja{x=1356, y=72, z=296}
[23:48:01] [Server thread/WARN]: Mismatch in destroy block pos: ja{x=1354, y=74, z=296} ja{x=1356, y=72, z=296}
[23:48:01] [Server thread/WARN]: Mismatch in destroy block pos: ja{x=1354, y=74, z=296} ja{x=1356, y=72, z=296}
[23:48:11] [Server thread/INFO]: xXseba_el_proXx[/127.234.59.240:47345] logged in with entity id 114776 at (1412.23217625714, 67.24918707874468, 261.5276199265615)
[23:48:11] [Server thread/INFO]: xXseba_el_proXx joined the game
[23:50:01] [Server thread/WARN]: Mismatch in destroy block pos: ja{x=2049, y=66, z=-917} ja{x=2049, y=65, z=-916}
[23:50:06] [Server thread/WARN]: Mismatch in destroy block pos: ja{x=2057, y=65, z=-923} ja{x=2056, y=64, z=-923}
[23:50:06] [Server thread/WARN]: Mismatch in destroy block pos: ja{x=2057, y=65, z=-923} ja{x=2056, y=64, z=-923}
[23:50:16] [Server thread/WARN]: Mismatch in destroy block pos: ja{x=2034, y=63, z=-928} ja{x=2036, y=62, z=-930}
[23:50:16] [Server thread/WARN]: Mismatch in destroy block pos: ja{x=2034, y=63, z=-928} ja{x=2036, y=62, z=-930}
[23:50:16] [Server thread/WARN]: Mismatch in destroy block pos: ja{x=2034, y=63, z=-928} ja{x=2036, y=62, z=-930}
[23:50:17] [Server thread/WARN]: Mismatch in destroy block pos: ja{x=2034, y=63, z=-928} ja{x=2036, y=62, z=-930}
[23:50:17] [Server thread/WARN]: Mismatch in destroy block pos: ja{x=2034, y=63, z=-928} ja{x=2036, y=62, z=-930}
